app/admin/campaigns/[id]/page.tsx(110,62): error TS2345: Argument of type '{ campaign_status: CampaignStatus; payment_status: PaymentStatus; start_date: string | null; end_date: string | null; assigned_operator: string | null; admin_notes: string | null; customer_name: string; company: string | null; campaign_objective: string; }' is not assignable to parameter of type 'never'.
app/admin/contacts/[id]/page.tsx(40,21): error TS2339: Property 'admin_notes' does not exist on type 'never'.
app/admin/contacts/[id]/page.tsx(41,22): error TS2339: Property 'status' does not exist on type 'never'.
app/admin/contacts/[id]/page.tsx(53,15): error TS2345: Argument of type '{ status: ContactStatus; admin_notes: string | null; }' is not assignable to parameter of type 'never'.
app/admin/page.tsx(198,46): error TS2367: This comparison appears to be unintentional because the types 'QuoteStatus' and '"confirmed"' have no overlap.
app/admin/quotes/[id]/page.tsx(173,21): error TS2339: Property 'admin_notes' does not exist on type 'never'.
app/admin/quotes/[id]/page.tsx(174,23): error TS2339: Property 'status' does not exist on type 'never'.
app/admin/quotes/[id]/page.tsx(186,15): error TS2345: Argument of type '{ status: QuoteStatus; admin_notes: string | null; }' is not assignable to parameter of type 'never'.
app/admin/quotes/[id]/page.tsx(192,9): error TS2353: Object literal may only specify known properties, and 'quote_id' does not exist in type 'never[]'.
app/admin/quotes/[id]/page.tsx(265,9): error TS2353: Object literal may only specify known properties, and 'campaign_number' does not exist in type 'never[]'.
app/admin/quotes/[id]/page.tsx(281,31): error TS2339: Property 'id' does not exist on type 'never'.
app/admin/settings/page.tsx(56,37): error TS2339: Property 'key' does not exist on type 'never'.
app/admin/settings/page.tsx(56,46): error TS2339: Property 'value' does not exist on type 'never'.
app/admin/settings/page.tsx(77,15): error TS2345: Argument of type '{ key: string; value: string; label: string; group_name: string; updated_at: string; }[]' is not assignable to parameter of type 'never[]'.
  Type '{ key: string; value: string; label: string; group_name: string; updated_at: string; }' is not assignable to type 'never'.
app/api/contact/route.ts(59,37): error TS2339: Property 'errors' does not exist on type 'ZodError<{ name: string; email: string; subject: string; message: string; phone?: string | undefined; }>'.
app/api/contact/route.ts(74,7): error TS2353: Object literal may only specify known properties, and 'name' does not exist in type 'never[]'.
app/api/contact/route.ts(96,29): error TS2339: Property 'id' does not exist on type 'never'.
components/admin/charts/StatusDonut.tsx(41,13): error TS2322: Type '(value: number, name: string) => [number, string]' is not assignable to type 'Formatter<ValueType, NameType> & ((value: ValueType, name: NameType, item: TooltipPayloadEntry, index: number, payload: TooltipPayload) => ReactNode | [...])'.
  Type '(value: number, name: string) => [number, string]' is not assignable to type 'Formatter<ValueType, NameType>'.
    Types of parameters 'value' and 'value' are incompatible.
      Type 'ValueType | undefined' is not assignable to type 'number'.
        Type 'undefined' is not assignable to type 'number'.
components/quote/steps/Step3Upload.tsx(31,5): error TS2322: Type 'Resolver<{ sendLater?: boolean | undefined; adFile?: File | null | undefined; }, any, { sendLater: boolean; adFile?: File | null | undefined; }>' is not assignable to type 'Resolver<{ sendLater: boolean; adFile?: File | null | undefined; }, any, { sendLater: boolean; adFile?: File | null | undefined; }>'.
  Types of parameters 'options' and 'options' are incompatible.
    Type 'ResolverOptions<{ sendLater: boolean; adFile?: File | null | undefined; }>' is not assignable to type 'ResolverOptions<{ sendLater?: boolean | undefined; adFile?: File | null | undefined; }>'.
      Type 'boolean | undefined' is not assignable to type 'boolean'.
        Type 'undefined' is not assignable to type 'boolean'.
components/quote/steps/Step3Upload.tsx(73,36): error TS2345: Argument of type '(data: { sendLater: boolean; adFile?: File | null | undefined; }) => void' is not assignable to parameter of type 'SubmitHandler<TFieldValues>'.
  Types of parameters 'data' and 'data' are incompatible.
    Type 'TFieldValues' is not assignable to type '{ sendLater: boolean; adFile?: File | null | undefined; }'.
      Property 'sendLater' is missing in type 'FieldValues' but required in type '{ sendLater: boolean; adFile?: File | null | undefined; }'.
lib/quoteService.ts(99,68): error TS2345: Argument of type 'QuoteSubmissionPayload' is not assignable to parameter of type 'never[]'.
  Type 'QuoteSubmissionPayload' is missing the following properties from type 'never[]': length, pop, push, concat, and 35 more.
lib/settings.ts(27,35): error TS2339: Property 'key' does not exist on type 'never'.
lib/settings.ts(27,46): error TS2339: Property 'value' does not exist on type 'never'.
types/quote.ts(11,29): error TS2769: No overload matches this call.
  Overload 1 of 2, '(values: readonly ["phone", "email", "whatsapp"], params?: string | { error?: string | $ZodErrorMap<$ZodIssueInvalidValue<unknown>> | undefined; message?: string | undefined; } | undefined): ZodEnum<...>', gave the following error.
    Object literal may only specify known properties, and 'required_error' does not exist in type '{ error?: string | $ZodErrorMap<$ZodIssueInvalidValue<unknown>> | undefined; message?: string | undefined; }'.
  Overload 2 of 2, '(entries: Readonly<Record<string, EnumValue>>, params?: string | { error?: string | $ZodErrorMap<$ZodIssueInvalidValue<unknown>> | undefined; message?: string | undefined; } | undefined): ZodEnum<...>', gave the following error.
    Argument of type 'string[]' is not assignable to parameter of type 'Readonly<Record<string, EnumValue>>'.
      Index signature for type 'string' is missing in type 'string[]'.
types/quote.ts(41,14): error TS2769: No overload matches this call.
  Overload 1 of 2, '(values: readonly ["1_week", "1_month", "3_months", "6_months", "1_year"], params?: string | { error?: string | $ZodErrorMap<$ZodIssueInvalidValue<unknown>> | undefined; message?: string | undefined; } | undefined): ZodEnum<...>', gave the following error.
    Object literal may only specify known properties, and 'required_error' does not exist in type '{ error?: string | $ZodErrorMap<$ZodIssueInvalidValue<unknown>> | undefined; message?: string | undefined; }'.
  Overload 2 of 2, '(entries: Readonly<Record<string, EnumValue>>, params?: string | { error?: string | $ZodErrorMap<$ZodIssueInvalidValue<unknown>> | undefined; message?: string | undefined; } | undefined): ZodEnum<...>', gave the following error.
    Argument of type 'string[]' is not assignable to parameter of type 'Readonly<Record<string, EnumValue>>'.
      Index signature for type 'string' is missing in type 'string[]'.
types/quote.ts(45,23): error TS2769: No overload matches this call.
  Overload 1 of 2, '(values: readonly ["Retail", "Restaurant", "Hotel", "Electronics", "Healthcare", "Education", "Real Estate", "Government", "NGO", "Other"], params?: string | { error?: string | $ZodErrorMap<$ZodIssueInvalidValue<unknown>> | undefined; message?: string | undefined; } | undefined): ZodEnum<...>', gave the following error.
    Object literal may only specify known properties, and 'required_error' does not exist in type '{ error?: string | $ZodErrorMap<$ZodIssueInvalidValue<unknown>> | undefined; message?: string | undefined; }'.
  Overload 2 of 2, '(entries: Readonly<Record<string, EnumValue>>, params?: string | { error?: string | $ZodErrorMap<$ZodIssueInvalidValue<unknown>> | undefined; message?: string | undefined; } | undefined): ZodEnum<...>', gave the following error.
    Argument of type 'string[]' is not assignable to parameter of type 'Readonly<Record<string, EnumValue>>'.
      Index signature for type 'string' is missing in type 'string[]'.
types/quote.ts(50,24): error TS2769: No overload matches this call.
  Overload 1 of 2, '(values: readonly ["Brand Awareness", "Product Promotion", "Event Promotion", "Grand Opening", "Seasonal Promotion", "Other"], params?: string | { error?: string | $ZodErrorMap<$ZodIssueInvalidValue<unknown>> | undefined; message?: string | undefined; } | undefined): ZodEnum<...>', gave the following error.
    Object literal may only specify known properties, and 'required_error' does not exist in type '{ error?: string | $ZodErrorMap<$ZodIssueInvalidValue<unknown>> | undefined; message?: string | undefined; }'.
  Overload 2 of 2, '(entries: Readonly<Record<string, EnumValue>>, params?: string | { error?: string | $ZodErrorMap<$ZodIssueInvalidValue<unknown>> | undefined; message?: string | undefined; } | undefined): ZodEnum<...>', gave the following error.
    Argument of type 'string[]' is not assignable to parameter of type 'Readonly<Record<string, EnumValue>>'.
      Index signature for type 'string' is missing in type 'string[]'.
